// Jest Snapshot v1, https://goo.gl/fbAQLP

exports[`expect to render Card component 1`] = `
"<div className=\\"navy bg-light-yellow dib br2 pa3 ma2 shadow-5 w50 grow\\">
  <img className=\\"br2\\" src=\\"https://acnhapi.com/v1/images/villagers/undefined\\" alt=\\"image_of_undefined\\" loading=\\"lazy\\" />
  <div>
    <h2 className=\\"f3 ma2\\" />
    <p className=\\"phrase f5 ma1 navy\\" style={{...}}>
      &quot;
      &quot;
    </p>
  </div>
</div>"
`;
